Fetching courses catalogue...
Fetching courses page 1...
Fetching courses page 2...
Fetching courses page 3...
Fetching courses page 4...
Fetching courses page 5...
Fetching courses page 6...
Fetching courses page 7...
Fetching courses page 8...
Fetching courses page 9...
Fetching courses page 10...
Fetching courses page 11...
Fetching courses page 12...
Fetching courses page 13...
Fetching courses page 14...
Fetching courses page 15...
Fetching courses page 16...
Fetching courses page 17...
Fetching courses page 18...
Fetching courses page 19...
Fetching courses page 20...
Fetching courses page 21...
Fetching courses page 22...
Fetching courses page 23...
Fetching courses page 24...
Fetching courses page 25...
Fetching courses page 26...
Fetching courses page 27...
Fetching courses page 28...
Fetching courses page 29...
Fetching courses page 30...
Fetching courses page 31...
Fetching courses page 32...
Fetching courses page 33...
Fetching courses page 34...
Fetching courses page 35...
Fetching courses page 36...
Fetching courses page 37...
Fetching courses page 38...
Fetching courses page 39...
Fetching courses page 40...
Fetching courses page 41...
Fetching courses page 42...
Fetching courses page 43...
Fetching courses page 44...
Fetching courses page 45...
Fetching courses page 46...
Fetching courses page 47...
Fetching courses page 48...
Fetching courses page 49...
Fetching courses page 50...
Fetching courses page 51...
Fetching courses page 52...
Fetching courses page 53...
Fetching courses page 54...
Fetching courses page 55...
Fetching courses page 56...
Fetching courses page 57...
Fetching courses page 58...
Fetching courses page 59...
Fetching courses page 60...
Fetching courses page 61...
Fetching courses page 62...
Fetching courses page 63...
Fetching courses page 64...
Fetching courses page 65...
Fetching courses page 66...
Fetching courses page 67...
Fetching courses page 68...
Fetching courses page 69...
Fetching courses page 70...
Fetching courses page 71...
Fetching courses page 72...
Fetching courses page 73...
Fetching courses page 74...
Fetching courses page 75...
Fetching courses page 76...
Fetching courses page 77...
Fetching courses page 78...
Fetching courses page 79...
Fetching courses page 80...
Fetching courses page 81...
Fetching courses page 82...
Fetching courses page 83...
Total courses detected: 826
Existing course records: 0
Courses remaining to scrape this run: 120
Scraped 10/826 courses...
Scraped 20/826 courses...
Scraped 30/826 courses...
Scraped 40/826 courses...
Scraped 50/826 courses...
Scraped 60/826 courses...
Scraped 70/826 courses...
Scraped 80/826 courses...
Scraped 90/826 courses...
Scraped 100/826 courses...
Scraped 110/826 courses...
Scraped 120/826 courses...
Wrote JSON: /workspace/data/providers_by_course.json
Wrote CSV: /workspace/data/providers_by_course.csv
Summary -> courses: 120, provider-course pairs: 2425
